#,,,,,,,,,,,,,,,,,,,,,"generated_by='OpenQuake engine 3.11.0-git2f4e8b8338', start_date='2020-10-24T09:24:06', checksum=255583224, kind='mean', investigation_time=50.0, imt='SA(0.05)'"
lon,lat,depth,poe-0.0050000,poe-0.0070000,poe-0.0098000,poe-0.0137000,poe-0.0192000,poe-0.0269000,poe-0.0376000,poe-0.0527000,poe-0.0738000,poe-0.1030000,poe-0.1450000,poe-0.2030000,poe-0.2840000,poe-0.3970000,poe-0.5560000,poe-0.7780000,poe-1.0900000,poe-1.5200000,poe-2.1300000
6.00000,32.50000,0.00000,2.542391E-03,1.723420E-03,1.073914E-03,6.161834E-04,3.224034E-04,1.535345E-04,6.613463E-05,2.492478E-05,8.058771E-06,2.145115E-06,3.911611E-07,3.409327E-08,1.556026E-10,0.000000E+00,0.000000E+00,0.000000E+00,0.000000E+00,0.000000E+00,0.000000E+00
7.50000,36.00000,0.00000,0.000000E+00,0.000000E+00,0.000000E+00,0.000000E+00,0.000000E+00,0.000000E+00,0.000000E+00,0.000000E+00,0.000000E+00,0.000000E+00,0.000000E+00,0.000000E+00,0.000000E+00,0.000000E+00,0.000000E+00,0.000000E+00,0.000000E+00,0.000000E+00,0.000000E+00
