#,,,,,,,,"generated_by='OpenQuake engine 3.17.0-git6d95416dfb', start_date='2023-05-10T15:01:41', checksum=3396488901"
rlz_id,return_period,retention,claim,surplus,quota_shared,wxlr,catxl,overspill_surplus
0,3.00000E+01,2.12863E+01,4.25726E+01,8.51452E+00,1.27718E+01,0.00000E+00,0.00000E+00,0.00000E+00
0,6.00000E+01,5.00000E+01,7.01817E+02,1.79629E+02,1.79000E+02,2.89709E+02,0.00000E+00,0.00000E+00
0,1.20000E+02,6.60000E+01,8.95000E+02,3.50000E+02,1.79000E+02,3.00000E+02,3.70098E-08,8.00000E+00
0,2.40000E+02,6.60000E+01,8.95000E+02,3.50000E+02,2.49915E+02,3.00000E+02,6.65242E+01,8.00000E+00
0,4.80000E+02,6.60000E+01,8.97020E+02,3.50000E+02,2.68354E+02,3.00000E+02,9.72569E+01,8.00000E+00
0,9.60000E+02,6.60000E+01,8.99838E+02,3.50000E+02,2.69951E+02,3.00000E+02,9.99189E+01,8.00000E+00
