#,,,,,,"generated_by='OpenQuake engine 3.17.0-git6d95416dfb', start_date='2023-05-10T15:01:41', checksum=3396488901"
rlz_id,policy_id,retention,claim,surplus,quota_shared,wxlr
0,B,4.19000E+01,6.03712E+02,2.41485E+02,1.20742E+02,1.99585E+02
0,A,6.34024E+01,4.40252E+02,8.80504E+01,1.32076E+02,1.56724E+02
