# mean, investigation_time=50.0, imt="SA(0.2)"
lon,lat,depth,poe-0.005,poe-0.007,poe-0.0098,poe-0.0137,poe-0.0192,poe-0.0269,poe-0.0376,poe-0.0527,poe-0.0738,poe-0.103,poe-0.145,poe-0.203,poe-0.284,poe-0.397,poe-0.556,poe-0.778,poe-1.09,poe-1.52,poe-2.13
0.00000,0.00000,0.00000,9.999948E-01,9.999948E-01,9.999946E-01,9.999939E-01,9.999917E-01,9.999834E-01,9.999476E-01,9.997433E-01,9.984275E-01,9.908620E-01,9.564456E-01,8.561725E-01,6.661192E-01,4.287943E-01,2.228864E-01,9.391596E-02,3.188157E-02,8.671635E-03,1.733672E-03
