#,,,,,,,,,,,,"generated_by='OpenQuake engine 3.13.0-git1a457fc896', start_date='2022-01-18T07:36:36', checksum=3466394483, kind='rlz-000', investigation_time=1.0, imt='SA(0.5)'"
lon,lat,depth,poe-0.0010000,poe-0.0021544,poe-0.0046416,poe-0.0100000,poe-0.0215443,poe-0.0464159,poe-0.1000000,poe-0.2154435,poe-0.4641589,poe-1.0000000
-65.13490,0.00000,0.00000,1.591452E-02,1.591452E-02,1.591451E-02,1.591111E-02,1.572942E-02,1.345414E-02,6.472083E-03,1.082311E-03,4.806014E-05,5.042214E-07
