2.129000E+03 0.000000E+00 0.000000E+00 0.000000E+00 0.000000E+00
4.600000E+02 0.000000E+00 0.000000E+00 0.000000E+00 0.000000E+00
7.700000E+01 0.000000E+00 0.000000E+00 0.000000E+00 0.000000E+00
1.500000E+01 0.000000E+00 0.000000E+00 0.000000E+00 0.000000E+00
1.000000E+00 0.000000E+00 0.000000E+00 0.000000E+00 0.000000E+00
