#,,,"generated_by='OpenQuake engine 3.12.0-git96079eec4c', start_date='2021-02-25T09:47:26', checksum=3590982611, investigation_time=None, risk_investigation_time=None"
loss_type,loss_value,exposed_value,loss_ratio
structural,2.67611E+03,1.00000E+04,2.67611E-01
