#,,,,,,,,,,,"generated_by='OpenQuake engine 3.11.0-git49bc44ebb8', start_date='2020-10-29T08:36:28', checksum=3473820124, investigation_time=1.0, risk_investigation_time=50.0"
asset_id,cresta,occupancy,state,taxonomy,lon,lat,business_interruption,contents,nonstructural,occupants,structural
a3,0.21,Com,02,tax1,-122.57000,38.11300,9.53189E+01,5.11686E+02,7.67529E+02,1.90638E-03,4.21122E+01
a2,0.12,Res,01,tax2,-122.11400,38.11300,6.42751E+02,5.34503E+03,7.63332E+03,1.28550E-02,6.77712E+02
a5,0.23,Res,02,tax1,-122.00000,37.91000,3.41457E+02,1.91303E+03,2.86128E+03,6.82914E-03,4.20659E+02
a4,0.22,Res,02,tax3,-122.00000,38.00000,9.40692E+02,7.62324E+03,1.54889E+04,1.88138E-02,2.68562E+03
a1,0.11,Res,01,tax1,-122.00000,38.11300,1.66436E+03,1.04470E+04,1.46419E+04,3.32872E-02,6.47394E+03
a6,0.31,Res,03,tax2,-122.00000,38.22500,5.62510E+02,4.27907E+03,6.29374E+03,1.12502E-02,4.80123E+02
a7,0.32,Res,03,tax1,-121.88600,38.11300,5.76411E+02,3.32003E+03,4.90996E+03,1.15282E-02,7.68013E+02
