asset_ref,taxonomy,lon,lat,business_interruption,contents,nonstructural,occupants,structural,business_interruption_ins,contents_ins,nonstructural_ins,occupants_ins,structural_ins
a3,"tax1",-122.57000,38.11300,0.00000E+00,0.00000E+00,0.00000E+00,0.00000E+00,0.00000E+00,0.00000E+00,0.00000E+00,0.00000E+00,0.00000E+00,0.00000E+00
a2,"tax2",-122.11400,38.11300,1.42314E+03,7.37709E+03,1.10656E+04,2.84628E-02,0.00000E+00,1.75000E+01,1.75000E+01,1.75000E+01,0.00000E+00,0.00000E+00
a5,"tax1",-122.00000,37.91000,1.72041E+02,8.76619E+02,1.31493E+03,3.44082E-03,0.00000E+00,5.83333E+00,5.83333E+00,5.83333E+00,0.00000E+00,0.00000E+00
a4,"tax3",-122.00000,38.00000,7.48363E+02,5.93173E+03,1.16143E+04,1.49673E-02,0.00000E+00,1.75000E+01,1.75000E+01,1.75000E+01,0.00000E+00,0.00000E+00
a1,"tax1",-122.00000,38.11300,1.77276E+03,1.02474E+04,1.53711E+04,3.54551E-02,2.76191E+03,1.75000E+01,1.75000E+01,1.75000E+01,0.00000E+00,1.75000E+01
a6,"tax2",-122.00000,38.22500,1.20173E+03,8.09525E+03,1.21429E+04,2.40345E-02,8.27222E+02,1.75000E+01,1.75000E+01,1.75000E+01,0.00000E+00,5.83333E+00
a7,"tax1",-121.88600,38.11300,1.30842E+03,7.79644E+03,1.16947E+04,2.61685E-02,0.00000E+00,1.75000E+01,1.75000E+01,1.75000E+01,0.00000E+00,0.00000E+00
