#,,,,,"generated_by='OpenQuake engine 3.9.0-git93fe51638e', start_date='2020-03-29T09:13:38', checksum=2929498526, kind='rlz-000', investigation_time=1.0, imt='PGA'"
lon,lat,depth,poe-0.1000000,poe-0.1200000,poe-0.2000000
0.00000,0.00000,0.00000,6.321205E-01,4.851582E-01,4.585245E-02
