<?xml version='1.0' encoding='UTF-8'?>
<nrml xmlns:gml="http://www.opengis.net/gml" xmlns="http://openquake.org/xmlns/nrml/0.4">
  <hazardCurves sourceModelTreePath="source_model_1" gsimTreePath="BooreAtkinson2008_YoungsEtAl1997SSlab" IMT="PGA" investigationTime="1.0">
    <IMLs>0.005 0.007 0.0098 0.0137 0.0192 0.0269 0.0376 0.0527 0.0738 0.103 0.145 0.203 0.284 0.397 0.556 0.778 1.09 1.52 2.13</IMLs>
    <hazardCurve>
      <gml:Point>
        <gml:pos>0.0 0.0</gml:pos>
      </gml:Point>
      <poEs>0.100054355982 0.0977746670021 0.0925276692634 0.0830652823244 0.0692160044696 0.0527932418502 0.03667161101 0.0230020072894 0.013067107074 0.00674826108318 0.00306562088368 0.00124881644181 0.000444156467538 0.000133453625647 3.05782808817e-05 4.40657501766e-06 2.12226672791e-07 0.0 0.0</poEs>
    </hazardCurve>
    <hazardCurve>
      <gml:Point>
        <gml:pos>-3.0 -3.0</gml:pos>
      </gml:Point>
      <poEs>0.0914595129014 0.0893573877409 0.0844185262396 0.0754429276978 0.0623099321491 0.0468408015989 0.0318515743435 0.0193936189942 0.0105899683433 0.00519545416995 0.00220114298635 0.000816255372979 0.000254680940953 6.40745852725e-05 1.17023931213e-05 1.39166492552e-06 4.18533043778e-08 0.0 0.0</poEs>
    </hazardCurve>
  </hazardCurves>
</nrml>
