#,,,,,,"generated_by='OpenQuake engine 3.16.0-git9550cd726a', start_date='2022-12-19T06:22:57', checksum=2536841005, kind='rlz-000', investigation_time=1.0, imt='PGA'"
lon,lat,depth,poe-0.1000000,poe-0.4000000,poe-0.6000000,poe-1.0000000
0.00000,0.00000,0.00000,9.940266E-03,7.553112E-04,9.714721E-05,0.000000E+00
