#,,,,"generated_by='OpenQuake engine 3.11.0-gitfbb15da3a7', start_date='2020-11-07T06:04:40', checksum=3590982611, investigation_time=1.0, risk_investigation_time=50.0"
event_id,structural,rlz_id,rup_id,year
1,1.34441E+02,0,1,1
