#,,,,,,,,,,,,,,,,,,,,,,,,,,,,,,,,"generated_by='OpenQuake engine 3.12.0-gitd46a87fee8', start_date='2021-08-23T08:27:09', checksum=595615967, kind='mean', investigation_time=50.0, imt='SA(0.15)'"
lon,lat,depth,poe-0.0137000,poe-0.0165774,poe-0.0200592,poe-0.0242723,poe-0.0293702,poe-0.0355388,poe-0.0430031,poe-0.0520351,poe-0.0629640,poe-0.0761884,poe-0.0921904,poe-0.1115532,poe-0.1349828,poe-0.1633334,poe-0.1976385,poe-0.2391487,poe-0.2893774,poe-0.3501556,poe-0.4236991,poe-0.5126891,poe-0.6203697,poe-0.7506666,poe-0.9083299,poe-1.0991073,poe-1.3299539,poe-1.6092855,poe-1.9472853,poe-2.3562756,poe-2.8511666,poe-3.4500000
16.26570,39.30020,0.00000,6.277133E-01,5.890296E-01,5.465927E-01,5.003874E-01,4.507857E-01,3.986692E-01,3.454170E-01,2.927608E-01,2.425050E-01,1.962506E-01,1.551708E-01,1.199237E-01,9.065284E-02,6.709011E-02,4.866957E-02,3.465612E-02,2.425893E-02,1.672360E-02,1.137327E-02,7.649979E-03,5.104862E-03,3.395230E-03,2.259323E-03,1.507810E-03,1.010359E-03,6.800751E-04,4.593707E-04,3.104172E-04,2.089337E-04,1.394182E-04
