# source_model_tree_path=('b2',),gsim_tree_path=('b1',),investigation_time=1.0
lon,lat,PGA-0.1,PGA-0.12,PGA-0.2
0.00000,0.00000,6.321205E-01,6.070473E-01,2.567355E-01
