#,,,,,,,,"generated_by='OpenQuake engine 3.22.0-git2d65903bd5', start_date='2024-11-18T08:52:05', checksum=1012445222, investigation_time=50.0, risk_investigation_time=100.0"
asset_id,taxonomy,lon,lat,structural-no_damage,structural-slight,structural-moderate,structural-extreme,structural-complete
a1,W,83.31382,29.46117,8.674341E-01,2.186973E-02,3.319035E-02,2.689280E-02,5.061299E-02
