#,,,,,,,,,,"generated_by='OpenQuake engine 3.25.0-git4a4233563d', start_date='2025-10-28T16:33:13', checksum=899198641, kind='mean', investigation_time=1.0, imt='IA'"
custom_site_id,lon,lat,depth,poe-1.00000e-03,poe-1.00000e-01,poe-1.50000e-01,poe-2.00000e-01,poe-5.00000e-01,poe-1.00000e+00,poe-5.00000e+00
1001,-65.28146,0.00000,0.00000,9.950166E-03,9.919771E-03,9.875611E-03,9.816493E-03,9.304513E-03,8.339150E-03,4.029007E-03
1002,-64.38200,0.00000,0.00000,9.950150E-03,8.676323E-03,7.918349E-03,7.245777E-03,4.612892E-03,2.662200E-03,3.209247E-04
