#,,,,,,,"generated_by='OpenQuake engine 3.18.0-gitabf2de85b8', start_date='2023-10-03T06:09:45', checksum=3091902152, kind='rlz-002', investigation_time=50.0"
custom_site_id,lon,lat,0.000050~PGA,0.000050~SA(0.05),0.000050~SA(0.1),0.000050~SA(0.2),0.000050~SA(0.5)
IT0001,6.00000,32.50000,3.957696E-02,7.550096E-02,8.379565E-02,8.066139E-02,5.576651E-02
IT0002,7.50000,36.00000,0.000000E+00,0.000000E+00,0.000000E+00,0.000000E+00,0.000000E+00
