#,"generated_by='OpenQuake engine 3.18.0-git438342e123', start_date='2023-07-14T12:29:30', checksum=2766385301"
efl
2.60313E-01
