============= ===== =======
return_period kind  value  
60            rlz-0 0.01743
60            rlz-1 0.02865
120           rlz-0 0.05459
120           rlz-1 0.07837
240           rlz-0 0.08336
240           rlz-1 0.11489
480           rlz-0 0.10027
480           rlz-1 0.12841
960           rlz-0 0.10752
960           rlz-1 0.13029
============= ===== =======