#,,,,,,,,,,,,,,,,,,,,,,,,,,,,,,,,"generated_by='OpenQuake engine 3.11.0-git56486270cb', start_date='2020-11-28T07:27:23', checksum=3907422258, kind='mean', investigation_time=1.0, imt='SA(1.0)'"
lon,lat,depth,poe-0.0100000,poe-0.0121736,poe-0.0148196,poe-0.0180407,poe-0.0219620,poe-0.0267356,poe-0.0325468,poe-0.0396210,poe-0.0482329,poe-0.0587167,poe-0.0714792,poe-0.0870157,poe-0.1059292,poe-0.1289537,poe-0.1569826,poe-0.1911039,poe-0.2326417,poe-0.2832080,poe-0.3447653,poe-0.4197025,poe-0.5109277,poe-0.6219815,poe-0.7571736,poe-0.9217506,poe-1.1220995,poe-1.3659958,poe-1.6629046,poe-2.0243486,poe-2.4643551,poe-3.0000000
-77.61460,8.44480,0.00000,2.549422E-03,1.996038E-03,1.539508E-03,1.168668E-03,8.723640E-04,6.397904E-04,4.606932E-04,3.254644E-04,2.253908E-04,1.528263E-04,1.013151E-04,6.557528E-05,4.138018E-05,2.543572E-05,1.520114E-05,8.798418E-06,4.912654E-06,2.634368E-06,1.345862E-06,6.471428E-07,2.881697E-07,1.157867E-07,4.021680E-08,1.131982E-08,2.313759E-09,2.964291E-10,2.133433E-11,8.277832E-13,1.655121E-14,1.405542E-16
