# smlt_path=b1,gsimlt_path=b1,imt=SA,investigation_time=50.0,lon=10.099999999999994,lat=40.1,poe=0.0200000,iml=6.0068562e-01
Lon,Lat,poe
8.25000E+00,3.97500E+01,0.00000E+00
8.25000E+00,4.12500E+01,0.00000E+00
9.75000E+00,3.97500E+01,1.82750E-02
9.75000E+00,4.12500E+01,0.00000E+00
1.12500E+01,3.97500E+01,1.01341E-06
1.12500E+01,4.12500E+01,0.00000E+00
