#,,,,,,,,,,,,"generated_by='OpenQuake engine 3.12.0-git8277484fc4', start_date='2021-04-26T14:31:40', checksum=2684299134, kind='mean', investigation_time=1.0, imt='SA(1.057)'"
lon,lat,depth,poe-0.0500000,poe-0.0753315,poe-0.1134967,poe-0.1709976,poe-0.2576301,poe-0.3881533,poe-0.5848035,poe-0.8810827,poe-1.3274658,poe-2.0000000
-77.61460,8.44480,0.00000,7.599462E-04,3.881353E-04,1.827359E-04,7.868206E-05,3.092241E-05,1.144834E-05,4.020924E-06,1.015134E-06,8.922692E-08,2.267108E-09
-77.61470,8.44480,0.00000,1.283357E-04,5.209187E-05,1.874221E-05,5.778666E-06,1.520499E-06,3.363299E-07,3.322586E-08,5.071061E-10,4.880739E-14,1.406813E-21
-77.61480,8.44480,0.00000,4.793899E-04,2.302069E-04,1.012063E-04,4.036277E-05,1.446304E-05,4.489512E-06,1.074237E-06,1.652793E-07,1.650194E-08,3.864201E-10
