#,,,,,,,"generated_by='OpenQuake engine 3.20.0-git6a5db97d59', start_date='2024-06-03T09:36:05', checksum=1298315921, kind='mean', investigation_time=1.0"
lon,lat,0.001000~PGA,0.001000~SA(0.1),0.001000~SA(0.2),0.001000~SA(0.5),0.001000~SA(1.0),0.001000~SA(2.0)
0.00000,0.10000,9.372924E-03,1.779370E-02,2.247217E-02,1.411178E-02,6.461873E-03,0.000000E+00
