#,,,,,,"generated_by='OpenQuake engine 3.23.0-gite2e72687fe', start_date='2025-01-29T07:41:37', checksum=388657466"
custom_site_id,lon,lat,gmv_PGA,gsd_PGA,gmv_SA(0.1),gsd_SA(0.1)
0pu8h5mg,-1.73488E+02,-4.63878E+01,1.49918E-02,1.29001E+00,1.41191E-02,2.55632E+00
0pdmpbcy,-1.76493E+02,-4.69284E+01,3.83013E-02,1.10452E+00,1.31500E-01,2.14421E+00
0pdu43qf,-1.76024E+02,-4.71022E+01,1.80909E-01,1.13086E+00,1.39126E-01,1.50339E+00
0pduguhd,-1.75962E+02,-4.69552E+01,1.74917E-01,1.09417E+00,2.95442E-01,1.29875E+00
0pdeewm6,-1.76323E+02,-4.71625E+01,1.23081E-01,1.44772E+00,9.89886E-02,1.09115E+00
2007bxkr,-1.79621E+02,-4.42997E+01,0.00000E+00,0.00000E+00,0.00000E+00,0.00000E+00
200mtrzc,-1.79407E+02,-4.39905E+01,0.00000E+00,0.00000E+00,0.00000E+00,0.00000E+00
