============= ===== =======
return_period kind  value  
============= ===== =======
120           rlz-0 0.05140
240           rlz-0 0.11017
240           rlz-1 0.09615
480           rlz-0 0.38739
480           rlz-1 0.16713
960           rlz-0 0.41340
960           rlz-1 0.35587
============= ===== =======