#,,,,,,,"generated_by='OpenQuake engine 3.7.0-git5e91b20b88', start_date='2019-09-05T06:15:51', checksum=1518465114, kind='rlz-000', investigation_time=1.0, imt='PGA'"
lon,lat,depth,poe-0.0100000,poe-0.1000000,poe-0.2000000,poe-0.3000000,poe-1.0000000
1.00000,-0.10000,0.00000,9.995002E-04,9.980666E-04,8.422503E-04,4.614526E-04,1.101004E-06
