#,,,,,"generated_by='OpenQuake engine 3.20.0-git6a5db97d59', start_date='2024-06-03T09:36:04', checksum=2107362341, kind='mean', investigation_time=1.0, imt='SA(0.1)'"
lon,lat,depth,poe-0.1000000,poe-0.4000000,poe-0.6000000
0.00000,0.00000,-0.10000,6.081918E-01,3.287217E-01,1.994702E-01
0.10000,0.00000,-0.10000,4.348205E-01,5.031637E-02,3.738346E-03
0.20000,0.00000,-0.10000,1.572770E-01,0.000000E+00,0.000000E+00
0.30000,0.00000,-0.10000,2.731795E-02,0.000000E+00,0.000000E+00
